[www.genaio.me/index.html]
[backblue.gif]
[fade.gif]
[index.html]
[www.genaio.me/GEN AI2.png]
[www.genaio.me/css/animate.min.css]
[www.genaio.me/css/bootstrap.min.css]
[www.genaio.me/css/font-awesome-pro.min.css]
[www.genaio.me/css/flaticon_gerold.css]
[www.genaio.me/css/nice-select.css]
[www.genaio.me/css/backToTop.css]
[www.genaio.me/css/owl.carousel.min.css]
[www.genaio.me/css/odometer-theme-default.css]
[www.genaio.me/css/magnific-popup.css]
[www.genaio.me/css/main.css]
[www.genaio.me/css/responsive.css]
[www.genaio.me/index-2.html]
[www.genaio.me/images/modal-img.html]
[www.genaio.me/images/modal-img_1.html]
[www.genaio.me/images/p-gallery-1.html]
[www.genaio.me/images/p-gallery-2.html]
[www.genaio.me/images/p-gallery-3.html]
[www.genaio.me/images/p-gallery-4.html]
[www.genaio.me/crypto advisor.png]
[www.genaio.me/1.png]
[www.genaio.me/2.png]
[www.genaio.me/3.png]
[www.genaio.me/5.png]
[www.genaio.me/4.png]
[www.genaio.me/images/logo.html]
[www.genaio.me/js/jquery.min.js]
[www.genaio.me/js/bootstrap.bundle.min.js]
[www.genaio.me/js/nice-select.min.js]
[www.genaio.me/js/backToTop.js]
[www.genaio.me/js/smooth-scroll.js]
[www.genaio.me/js/appear.min.js]
[www.genaio.me/js/wow.min.js]
[www.genaio.me/js/gsap.min.js]
[www.genaio.me/js/one-page-nav.js]
[www.genaio.me/js/lightcase.js]
[www.genaio.me/js/owl.carousel.min.js]
[www.genaio.me/js/isotope.pkgd.min.js]
[www.genaio.me/js/odometer.min.js]
[www.genaio.me/js/magnific-popup.js]
[www.genaio.me/js/validate.min.js]
[www.genaio.me/index.html]
[www.genaio.me/css/animate.min.css]
[www.genaio.me/js/main.js]
[www.genaio.me/css/bootstrap.min.css]
[www.genaio.me/index-3.html]
[www.genaio.me/fonts/fa-sharp-light-300.woff2]
[www.genaio.me/fonts/fa-sharp-regular-400.woff2]
[www.genaio.me/fonts/fa-sharp-light-300.ttf]
[www.genaio.me/fonts/fa-sharp-regular-400.ttf]
[www.genaio.me/fonts/fa-sharp-solid-900.woff2]
[www.genaio.me/fonts/fa-brands-400.woff2]
[www.genaio.me/fonts/fa-sharp-solid-900.ttf]
[www.genaio.me/fonts/fa-brands-400.ttf]
[www.genaio.me/fonts/fa-duotone-900.woff2]
[www.genaio.me/fonts/fa-light-300.woff2]
[www.genaio.me/fonts/fa-duotone-900.ttf]
[www.genaio.me/fonts/fa-regular-400.woff2]
[www.genaio.me/fonts/fa-light-300.ttf]
[www.genaio.me/fonts/fa-solid-900.woff2]
[www.genaio.me/fonts/fa-regular-400.ttf]
[www.genaio.me/fonts/fa-thin-100.woff2]
[www.genaio.me/fonts/fa-solid-900.ttf]
[www.genaio.me/fonts/fa-v4compatibility.woff2]
[www.genaio.me/css/font-awesome-pro.min.css]
[www.genaio.me/fonts/fa-v4compatibility.ttf]
[www.genaio.me/fonts/flaticon_gerold.woff2]
[www.genaio.me/fonts/fa-thin-100.ttf]
[www.genaio.me/fonts/flaticon_gerold.woff]
[www.genaio.me/fonts/flaticon_gerold.eot]
[www.genaio.me/fonts/flaticon_gerold.ttf]
[www.genaio.me/css/flaticon_gerold.css]
[www.genaio.me/css/nice-select.css]
[www.genaio.me/css/backToTop.css]
[www.genaio.me/images/flaticon_gerold.html]
[www.genaio.me/css/owl.carousel.min.css]
[www.genaio.me/css/odometer-theme-default.css]
[www.genaio.me/css/magnific-popup.css]
[www.genaio.me/css/owl.video.play.html]
[www.genaio.me/css/main.css]
[www.genaio.me/css/responsive.css]
[www.genaio.me/images/down-arrow.html]
[www.genaio.me/index-2.html]
[www.genaio.me/blog-details.html]
[www.genaio.me/htdocs_error/style.css]
[maxcdn.bootstrapcdn.com/bootstrap/3.3.7/css/bootstrap.min.css]
[www.google-analytics.com/analytics.js]
[www.genaio.me/htdocs_error/something-lost.png]
[www.genaio.me/images/modal-img.html]
[www.genaio.me/images/modal-img_1.html]
[www.genaio.me/images/p-gallery-1.html]
[www.genaio.me/images/p-gallery-2.html]
[www.genaio.me/images/p-gallery-3.html]
[www.genaio.me/images/p-gallery-4.html]
[www.genaio.me/images/logo.html]
[www.genaio.me/index-3.html]
[www.genaio.me/images/flaticon_gerold.html]
[www.genaio.me/css/owl.video.play.html]
[www.genaio.me/images/down-arrow.html]
[www.genaio.me/blog-details.html]
[www.genaio.me/htdocs_error/style.html]
[maxcdn.bootstrapcdn.com/bootstrap/3.3.7/css/bootstrap.min.css]
[www.genaio.me/htdocs_error/something-lost.html]
